[sakarigin.com/index.html]
[sakarigin.com/sakari-social.jpg]
[backblue.gif]
[fade.gif]
[index.html]
[sakarigin.com/favicon.png]
[cdn.jsdelivr.net/npm/foundation-sites@6.6.3/dist/css/foundation.min.css]
[ajax.googleapis.com/ajax/libs/jquery/1.12.0/jquery.min.js]
[cdnjs.cloudflare.com/ajax/libs/gsap/3.5.1/gsap.min.js]
[cdnjs.cloudflare.com/ajax/libs/gsap/3.5.1/ScrollTrigger.min.js]
[s3-us-west-2.amazonaws.com/s.cdpn.io/16327/ScrollToPlugin3.min.js]
[sakarigin.com/img/petalo-intro.png]
[sakarigin.com/img/petalo.png]
[sakarigin.com/img/logo_menu.jpg]
[sakarigin.com/img/sakari-gin-shukugawa-ideogram.png]
[sakarigin.com/img/sakari-gin-bottle.png]
[sakarigin.com/img/shadow.png]
[sakarigin.com/img/sun-washi.png]
[sakarigin.com/img/sake_kasu.png]
[sakarigin.com/img/icos/sake-ico.png]
[sakarigin.com/img/ideo/sake-kasu.png]
[sakarigin.com/img/sugi.png]
[sakarigin.com/img/icos/sugi-ico.png]
[sakarigin.com/img/ideo/sugi.png]
[sakarigin.com/img/sakari-gin_barrel_mood.jpg]
[sakarigin.com/img/ingredients/sakari-gin_ingredients_sansho-japanese-peppe.png]
[sakarigin.com/img/icos/sansho-ico.png]
[sakarigin.com/img/ideo/sansho.png]
[sakarigin.com/img/ingredients/sakari-gin_ingredients_shiso.png]
[sakarigin.com/img/icos/shiso-ico.png]
[sakarigin.com/img/ideo/shiso.png]
[sakarigin.com/img/ingredients/sakari-gin_ingredients_inoki-wood.png]
[sakarigin.com/img/icos/hinoki-ico.png]
[sakarigin.com/img/ideo/hinoki.png]
[sakarigin.com/img/ingredients/sakari-gin_ingredients_yuzu.png]
[sakarigin.com/img/icos/yuzu-ico.png]
[sakarigin.com/img/ideo/yuzu.png]
[sakarigin.com/img/ingredients/sakari-gin_sakura-petal.png]
[sakarigin.com/img/icos/sakura-ico.png]
[sakarigin.com/img/ideo/sakura.png]
[sakarigin.com/img/glf1.png]
[sakarigin.com/img/prefooter_l1.png]
[sakarigin.com/img/prefooter_l2.png]
[sakarigin.com/img/sakari-gin_shukugawa-neck.png]
[sakarigin.com/index.html]
[sakarigin.com/css/reset.css]
[cdn.jsdelivr.net/npm/foundation-sites@6.6.3/dist/css/foundation.min.css]
[sakarigin.com/css/font/Mirador-SemiBold.woff2]
[sakarigin.com/css/font/Mirador-SemiBold.woff]
[sakarigin.com/css/font/Mirador-SemiBold.ttf]
[sakarigin.com/css/font/Roboto-Regular.woff2]
[sakarigin.com/css/font/Roboto-Regular.woff]
[sakarigin.com/css/font/Roboto-Regular.ttf]
[sakarigin.com/css/font/Roboto-Bold.woff2]
[sakarigin.com/css/font/Roboto-Bold.woff]
[sakarigin.com/css/font/Roboto-Bold.ttf]
[sakarigin.com/css/font/Roboto-Medium.woff2]
[sakarigin.com/css/font/Roboto-Medium.woff]
[sakarigin.com/css/font/Roboto-Medium.ttf]
[sakarigin.com/css/font/Mirador-BookItalic.woff2]
[sakarigin.com/css/font/Mirador-BookItalic.woff]
[sakarigin.com/css/font/Mirador-BookItalic.ttf]
[sakarigin.com/css/font/Mirador-Medium.woff2]
[sakarigin.com/css/font/Mirador-Medium.woff]
[sakarigin.com/css/font/Mirador-Medium.ttf]
[sakarigin.com/css/font/icomoon4292.eot]
[sakarigin.com/css/font/icomoon4292.ttf]
[sakarigin.com/css/font/icomoon4292.woff]
[sakarigin.com/css/font/font.css]
[sakarigin.com/img/bgT.png]
[sakarigin.com/img/sakari-gin-rice-wave.png]
[sakarigin.com/img/bg.jpg]
[sakarigin.com/img/mappa_mobile.jpg]
[sakarigin.com/img/sakari-gin_shukugawa-river.jpg]
[sakarigin.com/img/bg_testimonials.jpg]
[sakarigin.com/img/botanics-img.png]
[sakarigin.com/img/mappa.jpg]
[sakarigin.com/css/stylee5d5.css]
[sakarigin.com/js/app512a.js]
[sakarigin.com/img/logo_small.svg]
[sakarigin.com/img/sakari_gin_logo.svg]
[sakarigin.com/img/hamburger.svg]
[sakarigin.com/img/close.svg]
[sakarigin.com/img/waves/wave2.svg]
[sakarigin.com/img/wave5.svg]
[sakarigin.com/img/wave4.svg]
[sakarigin.com/img/jpg.svg]
[sakarigin.com/js/vendor/jquery.easing.1.3.js]
[sakarigin.com/js/vendor/jquery.waitforimages.min.js]
[sakarigin.com/js/vendor/velocity.min.js]
[sakarigin.com/js/vendor/velocity.ui.js]
[sakarigin.com/js/vendor/jquery.waypoints.min.js]
[sakarigin.com/js/vendor/splitting/splitting.css]
[sakarigin.com/js/vendor/splitting/splitting-cells.css]
[sakarigin.com/js/vendor/splitting/splitting.min.js]
[sakarigin.com/css/font/Mirador-SemiBold.svg]
[sakarigin.com/css/font/Roboto-Regular.svg]
[sakarigin.com/css/font/Roboto-Bold.svg]
[sakarigin.com/css/font/icomoon4292.svg]
[sakarigin.com/img/arrow.svg]
[sakarigin.com/css/img/water.html]
[sakarigin.com/img/waves/wave1.svg]
[sakarigin.com/css/img/_wave2.html]
[sakarigin.com/img/wave6.svg]
[sakarigin.com/img/wave7.svg]
[sakarigin.com/img/wave8.svg]
[sakarigin.com/img/wave9.svg]
[sakarigin.com/img/wave10.svg]
[sakarigin.com/img/pin.svg]
[sakarigin.com/css/img/Washi.html]
[sakarigin.com/img/wave3.svg]
[sakarigin.com/css/img/petalo.html]
